LIBMOVEMOD_OBJECTS = \
adi.o  \
col_solve.o \
row_solve.o \
dfadi.o  \
dfcol_solve.o \
dfrow_solve.o \
FADGradComp.o \
baranov.o \
readSeaSurfaceTemperatureFile.o \
readSouthernOscillationIndexFile.o \
DymData.o \
rowcol_average.o \
par_t_reg-addTotalUVPenalty.o \
par_t_reg-addTotalSigmaPenalty.o \
par_t_reg-uvinterpolate.o \
createParam.o \
make_coff.o \
coffcmp4.o \
dcofcmp4.o \
adstring_utils.o \
b_adjst2.o  \
banner.o  \
boundfn3.o  \
capture4.o \
coff_t.o  \
coffcmp6.o  \
coh_clps.o \
coh_reld.o  \
dcofcmp6.o  \
dfb_adj2.o  \
dfgammln.o \
dfpoislk.o  \
dfloop1.o \
dfreset3.o  \
dfsfabs.o  \
dfsigcmp.o  \
dfsigntr.o  \
dfsigpen.o  \
dminmax.o \
dftridag.o  \
dfuvcomp.o  \
dfuvntr4.o  \
dfuvs2.o  \
dfvelpen.o  \
eff_norm.o \
efrtfile.o \
ext_numb.o  \
factorl.o  \
fish_rc2.o  \
fish_rc3.o  \
fish_rc4.o  \
fish_rec.o  \
fmortq.o  \
gammln.o \
geo_cord.o  \
get_efrt.o  \
getretrn.o  \
grid_report.o \
iminmax.o \
inside.o \
intersav.o  \
ipar.o  \
ipar_io.o  \
iparname.o  \
latitude.o  \
linear_scale.o \
longlat.o  \
longtude.o  \
make_d3a.o  \
mat_avg.o  \
ma_matrix_io.o \
modlarea.o  \
mparead.o  \
mymanip.o \
negtagpe.o  \
nvarcalc.o  \
obs_caps.o \
par_seas.o  \
par_t.o  \
par_t_reg.o  \
pathpars.o \
poisdev.o \
poisslk.o  \
position.o  \
pparead.o  \
prd_cap2.o  \
psavefit.o  \
ran1.o \
readcaps.o  \
recap_io.o  \
recap_t.o  \
reset3.o  \
reverse.o  \
rparead.o  \
rsavefit.o  \
ruvscomp.o  \
savetags.o \
setvbnds.o  \
shift.o \
shiftpos.o \
sigcomp.o  \
signalh.o \
sigintrp.o \
sigpen.o  \
slicesum.o \
smoother.o  \
tagrelio.o  \
totl_chk.o \
tottagpn.o  \
tridag.o  \
uvcomp.o  \
uvintrp4.o  \
uvsread.o  \
velpen.o  \
wrap_num.o  \
xinit3.o  \
xypair.o  \
yr_mon2.o  \
yrmonvec.o \
explike.o \
dfexplike.o \
nblike2.o \
dfnblike2.o \
resid_comp.o \
fmm_disp.o  \
zmortcmp.o \
prnstrem.o

NNTAGEST_OBJECTS = \
nn_switchpen.o \
nn_weightpen.o \
nn_diff_hwts.o \
neural_net.o \
par_t_nn.o \
nn_fgcomp.o \
nn_nvarcalc.o \
nn_paread.o \
nn_savefit.o \
nn_xinit3.o \
nn_reset3.o \
nn_dfreset3.o \
nn_dfuvscomp.o \
nn_dfoutput_comp.o \
nn_uvs_diagnose.o \
nn_uvscomp.o \
nn_inputlayer.o \
nn_uvsfreq.o \
neural_net_vector.o \
nn_cases.o \
nn_velpen.o \
nn_sigpen.o \
par_t_nn-reset.o \
curv_comp.o

RTAGEST_OBJECTS = \
par_t_reg-reset.o \
par_t_reg-reset2.o \
rfgcomp.o



RTAGMOVE_OBJECTS = \
rtagmove15.o \
fish_rc4.o \
getretrn.o \
fgsim10.o \
ifr_avrg.o \
displace2.o

NTAGMOVE_OBJECTS = \
neural_net.o \
nn_paread.o \
par_t_nn.o \
ntagmove15.o \
fish_rc4.o \
ifr_avrg.o \
displace2.o \
nn_fgsim10.o \
nn_savefit.o \
nn_xinit3.o \
nn_reset3.o \
nn_dfreset3.o \
nn_nvarcalc.o \
nn_uvs_diagnose.o \
nn_uvscomp.o \
nn_inputlayer.o \
nn_uvsfreq.o \
neural_net_vector.o \
nn_cases.o

NSEEDBUMP_OBJECTS = \
nseedbump.o \
neural_net.o \
par_t_nn.o \
nn_nvarcalc.o \
nn_paread.o \
nn_savefit.o \
nn_xinit3.o \
nn_reset3.o \
nn_dfreset3.o \
nn_dfoutput_comp.o \
nn_uvscomp.o \
nn_uvs_diagnose.o \
nn_inputlayer.o \
nn_uvsfreq.o \
neural_net_vector.o \
nn_cases.o


PATTDISP_OBJECTS = \
pattdsp8.o

MAKEMAP_OBJECTS = \
etopo5.o \
etopo_area.o \
mpar.o \
make_map.o

ELEVATION_OBJECTS = \
etopo5.o \
etopo_area.o \
elevation.o

DISTANCE_OBJECTS = \
distance.o

NN_MAKEDATA_OBJECTS = \
habitat.o \
nn_makedata.o \
linear_scale.o \
yr_mon2.o 


MAKEIFR_OBJECTS = \
ch_type.o \
effproc.o \
fish_rc2.o \
inside.o \
MakeIfr.o \
nearby.o \
pareof.o \
parproc3.o \
mpar.o \
ppar.o \
recap_ck3.o \
recap_t2.o \
record3.o \
recpmang3.o \
relpmang3.o \
rpar.o \
rpreproc_main.o \
shift.o \
shiftpos.o \
wrtag.o

MAKEPAR_OBJECTS = \
MakePar.o \
ch_type.o \
effproc.o \
fish_rc2.o \
inside.o \
mpar.o \
nearby.o \
pareof.o \
parproc3.o \
ppar.o \
recap_ck3.o \
recap_io.o \
recap_t2.o \
record3.o \
recpmang3.o \
relpmang3.o \
rpar.o \
rpreproc_main.o \
shift.o \
shiftpos.o \
wrtag.o

FIT_TAB_OBJECTS = \
fit_tab.o \
xi_noscl.o

RTAC_OBJECTS = \
ttac.o \
displace2.o

TTAC_OBJECTS = \
tac.o \
displace2.o

COVAR_OBJECTS = \
covar.o \
extra_s.o \
hesscmp2.o \
rfgcomp.o

WORMWALK_OBJECTS = \
tag_pack3.o \
walk2.o \
walkproc3.o

EEZMAP_OBJECTS = \
eezmap.o

LANDMASK2GMT_OBJECTS = \
mpar.o \
landmask2gmt.o

PRN2POLY_OBJECTS = \
mpar.o \
prn2poly.o

PAR2GMT_OBJECTS = \
par2gmt.o

FADREGION_OBJECTS = \
fadregion.o

GIS_FILES_OBJECTS = \
gis_files.o

POPSIM_OBJECTS = \
fgpop4.o \
gcomp.o \
policy.o \
popsim.o

HALFLIFE_OBJECTS = \
rhalfmain.o \
halfproc.o \
halfcomp.o \
fish_rc4.o

RSIMSPAWN_OBJECTS = \
rsimspawn.o

RSEASSPAWN_OBJECTS = \
rseasspawn.o
