LIBMOVEMOD_OBJECTS = \
adi.o \
adstring_utils.o \
b_adjst2.o \
banner.o \
baranov.o \
capture4.o \
coffcmp6.o \
coff_t.o \
coh_clps.o \
coh_reld.o \
dfadi.o \
dftridag.o \
displace2.o \
displace2.o \
eff_norm.o \
ext_numb.o \
FADGradComp.o \
fgsim10.o \
fishery_record_vectors.o \
fish_rc2.o \
fish_rc3.o \
fish_rc4.o \
fish_rc4.o \
fish_rec.o \
fmortq.o \
geo_cord.o \
get_efrt.o \
getretrn.o \
ifr_avrg.o \
inside.o \
ipar.o \
ipar_io.o \
iparname.o \
latitude.o \
longlat.o \
longtude.o \
make_d3a.o \
modlarea.o  \
modlarea.o \
mparead.o \
mpar.o \
mymanip.o \
par_seas.o \
par_t.o \
par_t.o \
par_t_reg.o \
par_t_reg-uvinterpolate.o \
position.o \
pathpars.o \
ppar.o \
pparead.o \
prd_cap2.o \
prnstrem.o \
psavefit.o \
readcaps.o \
recap_io.o \
recap_t2.o \
recap_t.o \
rowcol_average.o \
rparead.o \
rsavefit.o \
ruvscomp.o \
savetags.o \
setvbnds.o \
shift.o \
shiftpos.o \
sigcomp.o \
slicesum.o \
smoother.o \
tagrelio.o \
tridag.o \
uvcomp.o \
uvintrp4.o \
wrap_num.o \
xypair.o \
yr_mon2.o \
yrmonvec.o \
zmortcmp.o \

#nblike2.o \
